============================= test session starts =============================
platform win32 -- Python 3.13.2, pytest-9.0.2, pluggy-1.6.0
rootdir: C:\Code\flowscope
plugins: anyio-4.11.0, asyncio-1.3.0
asyncio: mode=Mode.STRICT, debug=False, asyncio_default_fixture_loop_scope=None, asyncio_default_test_loop_scope=function
collected 10 items

tests\test_trade_signal_deduplication.py ..........                      [100%]

============================= 10 passed in 0.53s ==============================
